OpenROAD 41a51eaf4ca2171c92ff38afb91eb37bbd3f36da 
This program is licensed under the BSD-3 license. See the LICENSE file for details.
Components of this program may be licensed under more restrictive licenses which must be honored.
[INFO]: Reading ODB at '/openlane/designs/RISCV_Pipeline_Core/runs/RUN_2026.07.25_03.33.59/tmp/floorplan/5-tapcell.odb'…
define_corners Typical
read_liberty -corner Typical /home/adrija/.ciel/sky130A/libs.ref/sky130_fd_sc_hd/lib/sky130_fd_sc_hd__tt_025C_1v80.lib
Using 1e-12 for capacitance...
Using 1e+03 for resistance...
Using 1e-09 for time...
Using 1e+00 for voltage...
Using 1e-03 for current...
Using 1e-09 for power...
Using 1e-06 for distance...
Reading design constraints file at '/openlane/designs/RISCV_Pipeline_Core/runs/RUN_2026.07.25_03.33.59/tmp/floorplan/3-initial_fp.sdc'…
[INFO PDN-0001] Inserting grid: stdcell_grid
[WARNING PSM-0016] Voltage pad location (VSRC) file not specified, defaulting pad location to checkerboard pattern on core area.
[WARNING PSM-0017] X direction bump pitch is not specified, defaulting to 140um.
[WARNING PSM-0018] Y direction bump pitch is not specified, defaulting to 140um.
[WARNING PSM-0019] Voltage on net VPWR is not explicitly set.
[WARNING PSM-0022] Using voltage 1.800V for VDD network.
[WARNING PSM-0065] VSRC location not specified, using default checkerboard pattern with one VDD every size bumps in x-direction and one in two bumps in the y-direction
[INFO PSM-0076] Setting metal node density to be standard cell height times 5.
[WARNING PSM-0030] VSRC location at (89.810um, 89.600um) and size 10.000um, is not located on an existing power stripe node. Moving to closest node at (21.840um, 27.530um).
[WARNING PSM-0030] VSRC location at (929.810um, 89.600um) and size 10.000um, is not located on an existing power stripe node. Moving to closest node at (943.440um, 27.530um).
[WARNING PSM-0030] VSRC location at (1769.810um, 89.600um) and size 10.000um, is not located on an existing power stripe node. Moving to closest node at (1711.440um, 27.530um).
[WARNING PSM-0030] VSRC location at (369.810um, 229.600um) and size 10.000um, is not located on an existing power stripe node. Moving to closest node at (329.040um, 180.710um).
[WARNING PSM-0030] VSRC location at (1209.810um, 229.600um) and size 10.000um, is not located on an existing power stripe node. Moving to closest node at (1250.640um, 180.710um).
[WARNING PSM-0030] VSRC location at (649.810um, 369.600um) and size 10.000um, is not located on an existing power stripe node. Moving to closest node at (636.240um, 333.890um).
[WARNING PSM-0030] VSRC location at (1489.810um, 369.600um) and size 10.000um, is not located on an existing power stripe node. Moving to closest node at (1557.840um, 333.890um).
[WARNING PSM-0030] VSRC location at (89.810um, 509.600um) and size 10.000um, is not located on an existing power stripe node. Moving to closest node at (21.840um, 487.070um).
[WARNING PSM-0030] VSRC location at (929.810um, 509.600um) and size 10.000um, is not located on an existing power stripe node. Moving to closest node at (943.440um, 487.070um).
[WARNING PSM-0030] VSRC location at (1769.810um, 509.600um) and size 10.000um, is not located on an existing power stripe node. Moving to closest node at (1711.440um, 487.070um).
[WARNING PSM-0030] VSRC location at (369.810um, 649.600um) and size 10.000um, is not located on an existing power stripe node. Moving to closest node at (329.040um, 640.250um).
[WARNING PSM-0030] VSRC location at (1209.810um, 649.600um) and size 10.000um, is not located on an existing power stripe node. Moving to closest node at (1250.640um, 640.250um).
[WARNING PSM-0030] VSRC location at (649.810um, 789.600um) and size 10.000um, is not located on an existing power stripe node. Moving to closest node at (636.240um, 793.430um).
[WARNING PSM-0030] VSRC location at (1489.810um, 789.600um) and size 10.000um, is not located on an existing power stripe node. Moving to closest node at (1557.840um, 793.430um).
[WARNING PSM-0030] VSRC location at (89.810um, 929.600um) and size 10.000um, is not located on an existing power stripe node. Moving to closest node at (21.840um, 946.610um).
[WARNING PSM-0030] VSRC location at (929.810um, 929.600um) and size 10.000um, is not located on an existing power stripe node. Moving to closest node at (943.440um, 946.610um).
[WARNING PSM-0030] VSRC location at (1769.810um, 929.600um) and size 10.000um, is not located on an existing power stripe node. Moving to closest node at (1711.440um, 946.610um).
[WARNING PSM-0030] VSRC location at (369.810um, 1069.600um) and size 10.000um, is not located on an existing power stripe node. Moving to closest node at (329.040um, 1099.790um).
[WARNING PSM-0030] VSRC location at (1209.810um, 1069.600um) and size 10.000um, is not located on an existing power stripe node. Moving to closest node at (1250.640um, 1099.790um).
[WARNING PSM-0030] VSRC location at (649.810um, 1209.600um) and size 10.000um, is not located on an existing power stripe node. Moving to closest node at (636.240um, 1252.970um).
[WARNING PSM-0030] VSRC location at (1489.810um, 1209.600um) and size 10.000um, is not located on an existing power stripe node. Moving to closest node at (1557.840um, 1252.970um).
[WARNING PSM-0030] VSRC location at (89.810um, 1349.600um) and size 10.000um, is not located on an existing power stripe node. Moving to closest node at (21.840um, 1406.150um).
[WARNING PSM-0030] VSRC location at (929.810um, 1349.600um) and size 10.000um, is not located on an existing power stripe node. Moving to closest node at (943.440um, 1406.150um).
[WARNING PSM-0030] VSRC location at (1769.810um, 1349.600um) and size 10.000um, is not located on an existing power stripe node. Moving to closest node at (1711.440um, 1406.150um).
[WARNING PSM-0030] VSRC location at (369.810um, 1489.600um) and size 10.000um, is not located on an existing power stripe node. Moving to closest node at (329.040um, 1559.330um).
[WARNING PSM-0030] VSRC location at (1209.810um, 1489.600um) and size 10.000um, is not located on an existing power stripe node. Moving to closest node at (1250.640um, 1559.330um).
[WARNING PSM-0030] VSRC location at (649.810um, 1629.600um) and size 10.000um, is not located on an existing power stripe node. Moving to closest node at (636.240um, 1559.330um).
[WARNING PSM-0030] VSRC location at (1489.810um, 1629.600um) and size 10.000um, is not located on an existing power stripe node. Moving to closest node at (1557.840um, 1559.330um).
[WARNING PSM-0030] VSRC location at (89.810um, 1769.600um) and size 10.000um, is not located on an existing power stripe node. Moving to closest node at (21.840um, 1712.510um).
[WARNING PSM-0030] VSRC location at (929.810um, 1769.600um) and size 10.000um, is not located on an existing power stripe node. Moving to closest node at (943.440um, 1712.510um).
[WARNING PSM-0030] VSRC location at (1769.810um, 1769.600um) and size 10.000um, is not located on an existing power stripe node. Moving to closest node at (1711.440um, 1712.510um).
[WARNING PSM-0030] VSRC location at (369.810um, 1909.600um) and size 10.000um, is not located on an existing power stripe node. Moving to closest node at (329.040um, 1865.690um).
[WARNING PSM-0030] VSRC location at (1209.810um, 1909.600um) and size 10.000um, is not located on an existing power stripe node. Moving to closest node at (1250.640um, 1865.690um).
[INFO PSM-0031] Number of PDN nodes on net VPWR = 90662.
[INFO PSM-0064] Number of voltage sources = 33.
[INFO PSM-0040] All PDN stripes on net VPWR are connected.
[WARNING PSM-0016] Voltage pad location (VSRC) file not specified, defaulting pad location to checkerboard pattern on core area.
[WARNING PSM-0017] X direction bump pitch is not specified, defaulting to 140um.
[WARNING PSM-0018] Y direction bump pitch is not specified, defaulting to 140um.
[WARNING PSM-0019] Voltage on net VGND is not explicitly set.
[WARNING PSM-0021] Using voltage 0.000V for ground network.
[WARNING PSM-0065] VSRC location not specified, using default checkerboard pattern with one VDD every size bumps in x-direction and one in two bumps in the y-direction
[INFO PSM-0076] Setting metal node density to be standard cell height times 5.
[WARNING PSM-0030] VSRC location at (89.810um, 89.600um) and size 10.000um, is not located on an existing power stripe node. Moving to closest node at (25.140um, 30.830um).
[WARNING PSM-0030] VSRC location at (929.810um, 89.600um) and size 10.000um, is not located on an existing power stripe node. Moving to closest node at (946.740um, 30.830um).
[WARNING PSM-0030] VSRC location at (1769.810um, 89.600um) and size 10.000um, is not located on an existing power stripe node. Moving to closest node at (1714.740um, 30.830um).
[WARNING PSM-0030] VSRC location at (369.810um, 229.600um) and size 10.000um, is not located on an existing power stripe node. Moving to closest node at (332.340um, 184.010um).
[WARNING PSM-0030] VSRC location at (1209.810um, 229.600um) and size 10.000um, is not located on an existing power stripe node. Moving to closest node at (1253.940um, 184.010um).
[WARNING PSM-0030] VSRC location at (649.810um, 369.600um) and size 10.000um, is not located on an existing power stripe node. Moving to closest node at (639.540um, 337.190um).
[WARNING PSM-0030] VSRC location at (1489.810um, 369.600um) and size 10.000um, is not located on an existing power stripe node. Moving to closest node at (1561.140um, 337.190um).
[WARNING PSM-0030] VSRC location at (89.810um, 509.600um) and size 10.000um, is not located on an existing power stripe node. Moving to closest node at (25.140um, 490.370um).
[WARNING PSM-0030] VSRC location at (929.810um, 509.600um) and size 10.000um, is not located on an existing power stripe node. Moving to closest node at (946.740um, 490.370um).
[WARNING PSM-0030] VSRC location at (1769.810um, 509.600um) and size 10.000um, is not located on an existing power stripe node. Moving to closest node at (1714.740um, 490.370um).
[WARNING PSM-0030] VSRC location at (369.810um, 649.600um) and size 10.000um, is not located on an existing power stripe node. Moving to closest node at (332.340um, 643.550um).
[WARNING PSM-0030] VSRC location at (1209.810um, 649.600um) and size 10.000um, is not located on an existing power stripe node. Moving to closest node at (1253.940um, 643.550um).
[WARNING PSM-0030] VSRC location at (649.810um, 789.600um) and size 10.000um, is not located on an existing power stripe node. Moving to closest node at (639.540um, 796.730um).
[WARNING PSM-0030] VSRC location at (1489.810um, 789.600um) and size 10.000um, is not located on an existing power stripe node. Moving to closest node at (1561.140um, 796.730um).
[WARNING PSM-0030] VSRC location at (89.810um, 929.600um) and size 10.000um, is not located on an existing power stripe node. Moving to closest node at (25.140um, 949.910um).
[WARNING PSM-0030] VSRC location at (929.810um, 929.600um) and size 10.000um, is not located on an existing power stripe node. Moving to closest node at (946.740um, 949.910um).
[WARNING PSM-0030] VSRC location at (1769.810um, 929.600um) and size 10.000um, is not located on an existing power stripe node. Moving to closest node at (1714.740um, 949.910um).
[WARNING PSM-0030] VSRC location at (369.810um, 1069.600um) and size 10.000um, is not located on an existing power stripe node. Moving to closest node at (332.340um, 1103.090um).
[WARNING PSM-0030] VSRC location at (1209.810um, 1069.600um) and size 10.000um, is not located on an existing power stripe node. Moving to closest node at (1253.940um, 1103.090um).
[WARNING PSM-0030] VSRC location at (649.810um, 1209.600um) and size 10.000um, is not located on an existing power stripe node. Moving to closest node at (639.540um, 1256.270um).
[WARNING PSM-0030] VSRC location at (1489.810um, 1209.600um) and size 10.000um, is not located on an existing power stripe node. Moving to closest node at (1561.140um, 1256.270um).
[WARNING PSM-0030] VSRC location at (89.810um, 1349.600um) and size 10.000um, is not located on an existing power stripe node. Moving to closest node at (25.140um, 1409.450um).
[WARNING PSM-0030] VSRC location at (929.810um, 1349.600um) and size 10.000um, is not located on an existing power stripe node. Moving to closest node at (946.740um, 1409.450um).
[WARNING PSM-0030] VSRC location at (1769.810um, 1349.600um) and size 10.000um, is not located on an existing power stripe node. Moving to closest node at (1714.740um, 1409.450um).
[WARNING PSM-0030] VSRC location at (369.810um, 1489.600um) and size 10.000um, is not located on an existing power stripe node. Moving to closest node at (332.340um, 1562.630um).
[WARNING PSM-0030] VSRC location at (1209.810um, 1489.600um) and size 10.000um, is not located on an existing power stripe node. Moving to closest node at (1253.940um, 1562.630um).
[WARNING PSM-0030] VSRC location at (649.810um, 1629.600um) and size 10.000um, is not located on an existing power stripe node. Moving to closest node at (639.540um, 1562.630um).
[WARNING PSM-0030] VSRC location at (1489.810um, 1629.600um) and size 10.000um, is not located on an existing power stripe node. Moving to closest node at (1561.140um, 1562.630um).
[WARNING PSM-0030] VSRC location at (89.810um, 1769.600um) and size 10.000um, is not located on an existing power stripe node. Moving to closest node at (25.140um, 1715.810um).
[WARNING PSM-0030] VSRC location at (929.810um, 1769.600um) and size 10.000um, is not located on an existing power stripe node. Moving to closest node at (946.740um, 1715.810um).
[WARNING PSM-0030] VSRC location at (1769.810um, 1769.600um) and size 10.000um, is not located on an existing power stripe node. Moving to closest node at (1714.740um, 1715.810um).
[WARNING PSM-0030] VSRC location at (369.810um, 1909.600um) and size 10.000um, is not located on an existing power stripe node. Moving to closest node at (332.340um, 1868.990um).
[WARNING PSM-0030] VSRC location at (1209.810um, 1909.600um) and size 10.000um, is not located on an existing power stripe node. Moving to closest node at (1253.940um, 1868.990um).
[INFO PSM-0031] Number of PDN nodes on net VGND = 90662.
[INFO PSM-0064] Number of voltage sources = 33.
[INFO PSM-0040] All PDN stripes on net VGND are connected.
Setting global connections for newly added cells…
Writing OpenROAD database to '/openlane/designs/RISCV_Pipeline_Core/runs/RUN_2026.07.25_03.33.59/results/floorplan/Pipeline_top.odb'…
Writing layout to '/openlane/designs/RISCV_Pipeline_Core/runs/RUN_2026.07.25_03.33.59/results/floorplan/Pipeline_top.def'…
