OpenROAD 41a51eaf4ca2171c92ff38afb91eb37bbd3f36da 
This program is licensed under the BSD-3 license. See the LICENSE file for details.
Components of this program may be licensed under more restrictive licenses which must be honored.
[INFO]: Reading ODB at '/openlane/designs/RISCV_Pipeline_Core/runs/RUN_2026.07.25_03.33.59/tmp/16-Pipeline_top.odb'…
define_corners Typical
read_liberty -corner Typical /home/adrija/.ciel/sky130A/libs.ref/sky130_fd_sc_hd/lib/sky130_fd_sc_hd__tt_025C_1v80.lib
Using 1e-12 for capacitance...
Using 1e+03 for resistance...
Using 1e-09 for time...
Using 1e+00 for voltage...
Using 1e-03 for current...
Using 1e-09 for power...
Using 1e-06 for distance...
Reading design constraints file at '/openlane/designs/RISCV_Pipeline_Core/runs/RUN_2026.07.25_03.33.59/tmp/16-Pipeline_top.sdc'…
[INFO]: Setting signal min routing layer to: met1 and clock min routing layer to met3. 
[INFO]: Setting signal max routing layer to: met5 and clock max routing layer to met5. 
-congestion_iterations 50 -verbose -congestion_report_file /openlane/designs/RISCV_Pipeline_Core/runs/RUN_2026.07.25_03.33.59/tmp/routing/groute-congestion.rpt
[INFO GRT-0020] Min routing layer: met1
[INFO GRT-0021] Max routing layer: met5
[INFO GRT-0022] Global adjustment: 30%
[INFO GRT-0023] Grid origin: (0, 0)
[INFO GRT-0043] No OR_DEFAULT vias defined.
[INFO GRT-0088] Layer li1     Track-Pitch = 0.4600  line-2-Via Pitch: 0.3400
[INFO GRT-0088] Layer met1    Track-Pitch = 0.3400  line-2-Via Pitch: 0.3400
[INFO GRT-0088] Layer met2    Track-Pitch = 0.4600  line-2-Via Pitch: 0.3500
[INFO GRT-0088] Layer met3    Track-Pitch = 0.6800  line-2-Via Pitch: 0.6150
[INFO GRT-0088] Layer met4    Track-Pitch = 0.9200  line-2-Via Pitch: 1.0400
[INFO GRT-0088] Layer met5    Track-Pitch = 3.4000  line-2-Via Pitch: 3.1100
[INFO GRT-0019] Found 160 clock nets.
[INFO GRT-0001] Minimum degree: 2
[INFO GRT-0002] Maximum degree: 26
[INFO GRT-0003] Macros: 0
[INFO GRT-0004] Blockages: 31434

[INFO GRT-0053] Routing resources analysis:
          Routing      Original      Derated      Resource
Layer     Direction    Resources     Resources    Reduction (%)
---------------------------------------------------------------
li1        Vertical            0             0          0.00%
met1       Horizontal    1670420        825910          50.56%
met2       Vertical      1252815        835648          33.30%
met3       Horizontal     835210        583482          30.14%
met4       Vertical       501126        322318          35.68%
met5       Horizontal     167042         80640          51.72%
---------------------------------------------------------------

[INFO GRT-0101] Running extra iterations to remove overflow.
[INFO GRT-0197] Via related to pin nodes: 34265
[INFO GRT-0198] Via related Steiner nodes: 1336
[INFO GRT-0199] Via filling finished.
[INFO GRT-0111] Final number of vias: 39252
[INFO GRT-0112] Final usage 3D: 172039

[INFO GRT-0096] Final congestion report:
Layer         Resource        Demand        Usage (%)    Max H / Max V / Total Overflow
---------------------------------------------------------------------------------------
li1                  0             0            0.00%             0 /  0 /  0
met1            825910         22707            2.75%             0 /  0 /  0
met2            835648         24129            2.89%             0 /  0 /  0
met3            583482          4426            0.76%             0 /  0 /  0
met4            322318          3021            0.94%             0 /  0 /  0
met5             80640             0            0.00%             0 /  0 /  0
---------------------------------------------------------------------------------------
Total          2647998         54283            2.05%             0 /  0 /  0

[INFO GRT-0018] Total wirelength: 508095 um
[INFO GRT-0014] Routed nets: 7881
[INFO GRT-0006] Repairing antennas, iteration 1.
[INFO GRT-0043] No OR_DEFAULT vias defined.
[WARNING ANT-0009] Net Fetch.PCF_reg\[14\] requires more than 10 diodes per gate to repair violations.
[WARNING ANT-0009] Net Fetch.PCF_reg\[15\] requires more than 10 diodes per gate to repair violations.
[WARNING ANT-0009] Net Fetch.PCF_reg\[16\] requires more than 10 diodes per gate to repair violations.
[WARNING ANT-0009] Net Fetch.PCF_reg\[29\] requires more than 10 diodes per gate to repair violations.
[WARNING ANT-0009] Net Fetch.PCF_reg\[29\] requires more than 10 diodes per gate to repair violations.
[WARNING ANT-0009] Net Fetch.PCF_reg\[7\] requires more than 10 diodes per gate to repair violations.
[WARNING ANT-0009] Net Fetch.PCF_reg\[9\] requires more than 10 diodes per gate to repair violations.
[WARNING ANT-0009] Net _01946_ requires more than 10 diodes per gate to repair violations.
[WARNING ANT-0009] Net _01984_ requires more than 10 diodes per gate to repair violations.
[WARNING ANT-0009] Net net11 requires more than 10 diodes per gate to repair violations.
[WARNING ANT-0009] Net net13 requires more than 10 diodes per gate to repair violations.
[WARNING ANT-0009] Net net48 requires more than 10 diodes per gate to repair violations.
[WARNING ANT-0009] Net net61 requires more than 10 diodes per gate to repair violations.
[WARNING ANT-0009] Net net83 requires more than 10 diodes per gate to repair violations.
[WARNING ANT-0009] Net net86 requires more than 10 diodes per gate to repair violations.
[INFO GRT-0012] Found 50 antenna violations.
[INFO GRT-0015] Inserted 415 diodes.
[INFO GRT-0054] Using detailed placer to place 58 diodes.
[INFO GRT-0009] rerouting 5196 nets.
[INFO GRT-0001] Minimum degree: 2
[INFO GRT-0002] Maximum degree: 35
[INFO GRT-0006] Repairing antennas, iteration 2.
[INFO GRT-0043] No OR_DEFAULT vias defined.
[WARNING ANT-0009] Net Fetch.PCF_reg\[25\] requires more than 10 diodes per gate to repair violations.
[INFO GRT-0012] Found 7 antenna violations.
[INFO GRT-0015] Inserted 46 diodes.
[INFO GRT-0054] Using detailed placer to place 8 diodes.
[INFO GRT-0009] rerouting 89 nets.
[INFO GRT-0001] Minimum degree: 2
[INFO GRT-0002] Maximum degree: 35
[INFO GRT-0006] Repairing antennas, iteration 3.
[INFO GRT-0043] No OR_DEFAULT vias defined.
[INFO GRT-0012] Found 3 antenna violations.
[INFO GRT-0015] Inserted 3 diodes.
[INFO GRT-0009] rerouting 10 nets.
[INFO GRT-0001] Minimum degree: 2
[INFO GRT-0002] Maximum degree: 17
[INFO GRT-0006] Repairing antennas, iteration 4.
[INFO GRT-0043] No OR_DEFAULT vias defined.
[INFO GRT-0012] Found 2 antenna violations.
[INFO GRT-0015] Inserted 2 diodes.
[INFO GRT-0009] rerouting 3 nets.
[INFO GRT-0001] Minimum degree: 9
[INFO GRT-0002] Maximum degree: 17
[INFO GRT-0006] Repairing antennas, iteration 5.
[INFO GRT-0043] No OR_DEFAULT vias defined.
[INFO GRT-0012] Found 0 antenna violations.
Setting global connections for newly added cells…
Writing OpenROAD database to '/openlane/designs/RISCV_Pipeline_Core/runs/RUN_2026.07.25_03.33.59/tmp/routing/18-global.odb'…
Writing layout to '/openlane/designs/RISCV_Pipeline_Core/runs/RUN_2026.07.25_03.33.59/tmp/routing/18-global.def'…
Writing routing guides to '/openlane/designs/RISCV_Pipeline_Core/runs/RUN_2026.07.25_03.33.59/tmp/routing/18-global.guide'…
