OpenROAD 41a51eaf4ca2171c92ff38afb91eb37bbd3f36da 
This program is licensed under the BSD-3 license. See the LICENSE file for details.
Components of this program may be licensed under more restrictive licenses which must be honored.
[INFO]: Reading ODB at '/openlane/designs/RISCV_Pipeline_Core/runs/RUN_2026.07.25_03.33.59/tmp/routing/21-fill.odb'…
define_corners Typical
read_liberty -corner Typical /home/adrija/.ciel/sky130A/libs.ref/sky130_fd_sc_hd/lib/sky130_fd_sc_hd__tt_025C_1v80.lib
Using 1e-12 for capacitance...
Using 1e+03 for resistance...
Using 1e-09 for time...
Using 1e+00 for voltage...
Using 1e-03 for current...
Using 1e-09 for power...
Using 1e-06 for distance...
Reading design constraints file at '/openlane/designs/RISCV_Pipeline_Core/runs/RUN_2026.07.25_03.33.59/tmp/16-Pipeline_top.sdc'…
[INFO ORD-0030] Using 2 thread(s).
[INFO DRT-0149] Reading tech and libs.

Units:                1000
Number of layers:     13
Number of macros:     441
Number of vias:       25
Number of viarulegen: 25

[INFO DRT-0150] Reading design.

Design:                   Pipeline_top
Die area:                 ( 0 0 ) ( 2000000 2000000 )
Number of track patterns: 12
Number of DEF vias:       0
Number of components:     398680
Number of terminals:      100
Number of snets:          2
Number of nets:           7881

[INFO DRT-0167] List of default vias:
  Layer mcon
    default via: L1M1_PR
  Layer via
    default via: M1M2_PR
  Layer via2
    default via: M2M3_PR
  Layer via3
    default via: M3M4_PR
  Layer via4
    default via: M4M5_PR
[INFO DRT-0162] Library cell analysis.
[INFO DRT-0163] Instance analysis.
  Complete 10000 instances.
  Complete 20000 instances.
  Complete 30000 instances.
  Complete 40000 instances.
  Complete 50000 instances.
  Complete 60000 instances.
  Complete 70000 instances.
  Complete 80000 instances.
  Complete 90000 instances.
  Complete 100000 instances.
  Complete 200000 instances.
  Complete 300000 instances.
[INFO DRT-0164] Number of unique instances = 213.
[INFO DRT-0168] Init region query.
[INFO DRT-0018]   Complete 10000 insts.
[INFO DRT-0018]   Complete 20000 insts.
[INFO DRT-0018]   Complete 30000 insts.
[INFO DRT-0018]   Complete 40000 insts.
[INFO DRT-0018]   Complete 50000 insts.
[INFO DRT-0018]   Complete 60000 insts.
[INFO DRT-0018]   Complete 70000 insts.
[INFO DRT-0018]   Complete 80000 insts.
[INFO DRT-0018]   Complete 90000 insts.
[INFO DRT-0019]   Complete 100000 insts.
[INFO DRT-0019]   Complete 200000 insts.
[INFO DRT-0019]   Complete 300000 insts.
[INFO DRT-0024]   Complete FR_MASTERSLICE.
[INFO DRT-0024]   Complete licon.
[INFO DRT-0024]   Complete li1.
[INFO DRT-0024]   Complete mcon.
[INFO DRT-0024]   Complete met1.
[INFO DRT-0024]   Complete via.
[INFO DRT-0024]   Complete met2.
[INFO DRT-0024]   Complete via2.
[INFO DRT-0024]   Complete met3.
[INFO DRT-0024]   Complete via3.
[INFO DRT-0024]   Complete met4.
[INFO DRT-0024]   Complete via4.
[INFO DRT-0024]   Complete met5.
[INFO DRT-0033] FR_MASTERSLICE shape region query size = 0.
[INFO DRT-0033] licon shape region query size = 0.
[INFO DRT-0033] li1 shape region query size = 2283192.
[INFO DRT-0033] mcon shape region query size = 5202576.
[INFO DRT-0033] met1 shape region query size = 840776.
[INFO DRT-0033] via shape region query size = 47320.
[INFO DRT-0033] met2 shape region query size = 28444.
[INFO DRT-0033] via2 shape region query size = 37856.
[INFO DRT-0033] met3 shape region query size = 28438.
[INFO DRT-0033] via3 shape region query size = 37856.
[INFO DRT-0033] met4 shape region query size = 9854.
[INFO DRT-0033] via4 shape region query size = 338.
[INFO DRT-0033] met5 shape region query size = 390.
[INFO DRT-0165] Start pin access.
[INFO DRT-0076]   Complete 100 pins.
[INFO DRT-0076]   Complete 200 pins.
[INFO DRT-0076]   Complete 300 pins.
[INFO DRT-0076]   Complete 400 pins.
[INFO DRT-0076]   Complete 500 pins.
[INFO DRT-0076]   Complete 600 pins.
[INFO DRT-0076]   Complete 700 pins.
[INFO DRT-0078]   Complete 750 pins.
[INFO DRT-0079]   Complete 100 unique inst patterns.
[INFO DRT-0081]   Complete 195 unique inst patterns.
[INFO DRT-0082]   Complete 1000 groups.
[INFO DRT-0082]   Complete 2000 groups.
[INFO DRT-0082]   Complete 3000 groups.
[INFO DRT-0082]   Complete 4000 groups.
[INFO DRT-0082]   Complete 5000 groups.
[INFO DRT-0084]   Complete 5607 groups.
#scanned instances     = 398680
#unique  instances     = 213
#stdCellGenAp          = 5621
#stdCellValidPlanarAp  = 88
#stdCellValidViaAp     = 4304
#stdCellPinNoAp        = 0
#stdCellPinCnt         = 25587
#instTermValidViaApCnt = 0
#macroGenAp            = 0
#macroValidPlanarAp    = 0
#macroValidViaAp       = 0
#macroNoAp             = 0
[INFO DRT-0166] Complete pin access.
[INFO DRT-0267] cpu time = 00:01:07, elapsed time = 00:00:33, memory = 1172.96 (MB), peak = 1314.34 (MB)

Number of guides:     62784

[INFO DRT-0169] Post process guides.
[INFO DRT-0176] GCELLGRID X 0 DO 289 STEP 6900 ;
[INFO DRT-0177] GCELLGRID Y 0 DO 289 STEP 6900 ;
[INFO DRT-0026]   Complete 10000 origin guides.
[INFO DRT-0026]   Complete 20000 origin guides.
[INFO DRT-0026]   Complete 30000 origin guides.
[INFO DRT-0026]   Complete 40000 origin guides.
[INFO DRT-0026]   Complete 50000 origin guides.
[INFO DRT-0026]   Complete 60000 origin guides.
[INFO DRT-0028]   Complete FR_MASTERSLICE.
[INFO DRT-0028]   Complete licon.
[INFO DRT-0028]   Complete li1.
[INFO DRT-0028]   Complete mcon.
[INFO DRT-0028]   Complete met1.
[INFO DRT-0028]   Complete via.
[INFO DRT-0028]   Complete met2.
[INFO DRT-0028]   Complete via2.
[INFO DRT-0028]   Complete met3.
[INFO DRT-0028]   Complete via3.
[INFO DRT-0028]   Complete met4.
[INFO DRT-0028]   Complete via4.
[INFO DRT-0028]   Complete met5.
[INFO DRT-0178] Init guide query.
[INFO DRT-0035]   Complete FR_MASTERSLICE (guide).
[INFO DRT-0035]   Complete licon (guide).
[INFO DRT-0035]   Complete li1 (guide).
[INFO DRT-0035]   Complete mcon (guide).
[INFO DRT-0035]   Complete met1 (guide).
[INFO DRT-0035]   Complete via (guide).
[INFO DRT-0035]   Complete met2 (guide).
[INFO DRT-0035]   Complete via2 (guide).
[INFO DRT-0035]   Complete met3 (guide).
[INFO DRT-0035]   Complete via3 (guide).
[INFO DRT-0035]   Complete met4 (guide).
[INFO DRT-0035]   Complete via4 (guide).
[INFO DRT-0035]   Complete met5 (guide).
[INFO DRT-0036] FR_MASTERSLICE guide region query size = 0.
[INFO DRT-0036] licon guide region query size = 0.
[INFO DRT-0036] li1 guide region query size = 21505.
[INFO DRT-0036] mcon guide region query size = 0.
[INFO DRT-0036] met1 guide region query size = 17505.
[INFO DRT-0036] via guide region query size = 0.
[INFO DRT-0036] met2 guide region query size = 9473.
[INFO DRT-0036] via2 guide region query size = 0.
[INFO DRT-0036] met3 guide region query size = 791.
[INFO DRT-0036] via3 guide region query size = 0.
[INFO DRT-0036] met4 guide region query size = 291.
[INFO DRT-0036] via4 guide region query size = 0.
[INFO DRT-0036] met5 guide region query size = 1.
[INFO DRT-0179] Init gr pin query.
[INFO DRT-0245] skipped writing guide updates to database.
[INFO DRT-0185] Post process initialize RPin region query.
[INFO DRT-0181] Start track assignment.
[INFO DRT-0184] Done with 31269 vertical wires in 6 frboxes and 18297 horizontal wires in 6 frboxes.
[INFO DRT-0186] Done with 2914 vertical wires in 6 frboxes and 5682 horizontal wires in 6 frboxes.
[INFO DRT-0182] Complete track assignment.
[INFO DRT-0267] cpu time = 00:00:21, elapsed time = 00:00:10, memory = 1510.83 (MB), peak = 2187.62 (MB)
[INFO DRT-0187] Start routing data preparation.
[INFO DRT-0267] cpu time = 00:00:00, elapsed time = 00:00:00, memory = 1510.83 (MB), peak = 2187.62 (MB)
[INFO DRT-0194] Start detail routing.
[INFO DRT-0195] Start 0th optimization iteration.
    Completing 10% with 0 violations.
    elapsed time = 00:00:06, memory = 3166.47 (MB).
    Completing 20% with 0 violations.
    elapsed time = 00:00:25, memory = 5374.17 (MB).
    Completing 30% with 806 violations.
    elapsed time = 00:00:33, memory = 4179.80 (MB).
    Completing 40% with 806 violations.
    elapsed time = 00:00:54, memory = 5163.29 (MB).
    Completing 50% with 806 violations.
    elapsed time = 00:01:00, memory = 6201.81 (MB).
    Completing 60% with 1691 violations.
    elapsed time = 00:01:11, memory = 6204.95 (MB).
    Completing 70% with 1691 violations.
    elapsed time = 00:01:32, memory = 6205.12 (MB).
    Completing 80% with 2618 violations.
    elapsed time = 00:01:38, memory = 6372.87 (MB).
    Completing 90% with 2618 violations.
    elapsed time = 00:02:02, memory = 6372.87 (MB).
    Completing 100% with 3684 violations.
    elapsed time = 00:02:09, memory = 6646.64 (MB).
[INFO DRT-0199]   Number of violations = 5562.
Viol/Layer         li1   mcon   met1   met2   met3   met4
Cut Spacing          0      6      0      0      0      0
Metal Spacing      190      0    748     54      3      0
Min Hole             0      0     12      0      0      0
NS Metal             2      0      1      0      0      0
Recheck              0      0   1259    549     60     10
Short                0      0   2357    309      2      0
[INFO DRT-0267] cpu time = 00:04:12, elapsed time = 00:02:09, memory = 4950.74 (MB), peak = 6667.71 (MB)
Total wire length = 395457 um.
Total wire length on LAYER li1 = 0 um.
Total wire length on LAYER met1 = 178356 um.
Total wire length on LAYER met2 = 171833 um.
Total wire length on LAYER met3 = 27464 um.
Total wire length on LAYER met4 = 17727 um.
Total wire length on LAYER met5 = 75 um.
Total number of vias = 56895.
Up-via summary (total 56895):.

------------------------
 FR_MASTERSLICE        0
            li1    25762
           met1    29444
           met2     1239
           met3      448
           met4        2
------------------------
                   56895


[INFO DRT-0195] Start 1st optimization iteration.
    Completing 10% with 5562 violations.
    elapsed time = 00:00:07, memory = 4704.41 (MB).
    Completing 20% with 5562 violations.
    elapsed time = 00:00:28, memory = 5899.92 (MB).
    Completing 30% with 4688 violations.
    elapsed time = 00:00:35, memory = 4765.36 (MB).
    Completing 40% with 4688 violations.
    elapsed time = 00:00:55, memory = 5331.34 (MB).
    Completing 50% with 4688 violations.
    elapsed time = 00:01:01, memory = 6232.69 (MB).
    Completing 60% with 3577 violations.
    elapsed time = 00:01:13, memory = 4721.51 (MB).
    Completing 70% with 3577 violations.
    elapsed time = 00:01:31, memory = 5777.05 (MB).
    Completing 80% with 2868 violations.
    elapsed time = 00:01:38, memory = 6189.57 (MB).
    Completing 90% with 2868 violations.
    elapsed time = 00:01:59, memory = 6189.66 (MB).
    Completing 100% with 1932 violations.
    elapsed time = 00:02:06, memory = 6370.85 (MB).
[INFO DRT-0199]   Number of violations = 1933.
Viol/Layer        mcon   met1   met2   met3
Cut Spacing          2      0      0      0
Metal Spacing        0    335     50      0
Min Hole             0      3      0      0
Recheck              0      1      0      0
Short                0   1439    102      1
[INFO DRT-0267] cpu time = 00:04:06, elapsed time = 00:02:06, memory = 3817.64 (MB), peak = 6667.71 (MB)
Total wire length = 393084 um.
Total wire length on LAYER li1 = 0 um.
Total wire length on LAYER met1 = 177328 um.
Total wire length on LAYER met2 = 170505 um.
Total wire length on LAYER met3 = 27543 um.
Total wire length on LAYER met4 = 17639 um.
Total wire length on LAYER met5 = 68 um.
Total number of vias = 56446.
Up-via summary (total 56446):.

------------------------
 FR_MASTERSLICE        0
            li1    25755
           met1    29019
           met2     1231
           met3      439
           met4        2
------------------------
                   56446


[INFO DRT-0195] Start 2nd optimization iteration.
    Completing 10% with 1933 violations.
    elapsed time = 00:00:00, memory = 3824.29 (MB).
    Completing 20% with 1933 violations.
    elapsed time = 00:00:16, memory = 4089.91 (MB).
    Completing 30% with 1756 violations.
    elapsed time = 00:00:17, memory = 3792.82 (MB).
    Completing 40% with 1756 violations.
    elapsed time = 00:00:29, memory = 4073.91 (MB).
    Completing 50% with 1756 violations.
    elapsed time = 00:00:30, memory = 4084.81 (MB).
    Completing 60% with 1703 violations.
    elapsed time = 00:00:30, memory = 3822.85 (MB).
    Completing 70% with 1703 violations.
    elapsed time = 00:00:44, memory = 4049.62 (MB).
    Completing 80% with 1667 violations.
    elapsed time = 00:00:45, memory = 3792.82 (MB).
    Completing 90% with 1667 violations.
    elapsed time = 00:00:58, memory = 4069.54 (MB).
    Completing 100% with 1601 violations.
    elapsed time = 00:00:59, memory = 3792.82 (MB).
[INFO DRT-0199]   Number of violations = 2830.
Viol/Layer        mcon   met1   met2   met3   met4
Cut Spacing          2      0      0      0      0
Metal Spacing        0    234     34      0      0
Min Hole             0      6      0      0      0
Recheck              0      6      0   1000    224
Short                0   1257     66      1      0
[INFO DRT-0267] cpu time = 00:01:55, elapsed time = 00:00:59, memory = 3817.69 (MB), peak = 6667.71 (MB)
Total wire length = 392576 um.
Total wire length on LAYER li1 = 0 um.
Total wire length on LAYER met1 = 176936 um.
Total wire length on LAYER met2 = 170458 um.
Total wire length on LAYER met3 = 27467 um.
Total wire length on LAYER met4 = 17635 um.
Total wire length on LAYER met5 = 78 um.
Total number of vias = 56388.
Up-via summary (total 56388):.

------------------------
 FR_MASTERSLICE        0
            li1    25755
           met1    28944
           met2     1250
           met3      437
           met4        2
------------------------
                   56388


[INFO DRT-0195] Start 3rd optimization iteration.
    Completing 10% with 2830 violations.
    elapsed time = 00:00:00, memory = 3825.89 (MB).
    Completing 20% with 2830 violations.
    elapsed time = 00:00:07, memory = 4092.52 (MB).
    Completing 30% with 2131 violations.
    elapsed time = 00:00:09, memory = 4092.52 (MB).
    Completing 40% with 2131 violations.
    elapsed time = 00:00:18, memory = 3995.49 (MB).
    Completing 50% with 2131 violations.
    elapsed time = 00:00:19, memory = 3995.49 (MB).
    Completing 60% with 1746 violations.
    elapsed time = 00:00:20, memory = 3873.89 (MB).
    Completing 70% with 1746 violations.
    elapsed time = 00:00:28, memory = 4025.54 (MB).
    Completing 80% with 734 violations.
    elapsed time = 00:00:30, memory = 3792.82 (MB).
    Completing 90% with 734 violations.
    elapsed time = 00:00:44, memory = 3965.32 (MB).
    Completing 100% with 132 violations.
    elapsed time = 00:00:45, memory = 3793.12 (MB).
[INFO DRT-0199]   Number of violations = 138.
Viol/Layer        mcon   met1    via   met2
Cut Spacing          1      0      1      0
Metal Spacing        0     36      0      2
Recheck              0      4      0      2
Short                0     84      1      7
[INFO DRT-0267] cpu time = 00:01:25, elapsed time = 00:00:45, memory = 3800.40 (MB), peak = 6667.71 (MB)
Total wire length = 392311 um.
Total wire length on LAYER li1 = 0 um.
Total wire length on LAYER met1 = 171816 um.
Total wire length on LAYER met2 = 170619 um.
Total wire length on LAYER met3 = 32059 um.
Total wire length on LAYER met4 = 17737 um.
Total wire length on LAYER met5 = 78 um.
Total number of vias = 57366.
Up-via summary (total 57366):.

------------------------
 FR_MASTERSLICE        0
            li1    25755
           met1    29298
           met2     1864
           met3      447
           met4        2
------------------------
                   57366


[INFO DRT-0195] Start 4th optimization iteration.
    Completing 10% with 138 violations.
    elapsed time = 00:00:00, memory = 3800.46 (MB).
    Completing 20% with 138 violations.
    elapsed time = 00:00:00, memory = 3838.11 (MB).
    Completing 30% with 114 violations.
    elapsed time = 00:00:01, memory = 3838.11 (MB).
    Completing 40% with 114 violations.
    elapsed time = 00:00:03, memory = 3878.09 (MB).
    Completing 50% with 114 violations.
    elapsed time = 00:00:04, memory = 3878.12 (MB).
    Completing 60% with 72 violations.
    elapsed time = 00:00:04, memory = 3800.95 (MB).
    Completing 70% with 72 violations.
    elapsed time = 00:00:04, memory = 3834.96 (MB).
    Completing 80% with 56 violations.
    elapsed time = 00:00:05, memory = 3834.96 (MB).
    Completing 90% with 56 violations.
    elapsed time = 00:00:06, memory = 3863.91 (MB).
    Completing 100% with 13 violations.
    elapsed time = 00:00:07, memory = 3793.37 (MB).
[INFO DRT-0199]   Number of violations = 13.
Viol/Layer        met1
Metal Spacing        5
Short                8
[INFO DRT-0267] cpu time = 00:00:12, elapsed time = 00:00:07, memory = 3793.37 (MB), peak = 6667.71 (MB)
Total wire length = 392304 um.
Total wire length on LAYER li1 = 0 um.
Total wire length on LAYER met1 = 171727 um.
Total wire length on LAYER met2 = 170617 um.
Total wire length on LAYER met3 = 32142 um.
Total wire length on LAYER met4 = 17737 um.
Total wire length on LAYER met5 = 78 um.
Total number of vias = 57351.
Up-via summary (total 57351):.

------------------------
 FR_MASTERSLICE        0
            li1    25755
           met1    29279
           met2     1868
           met3      447
           met4        2
------------------------
                   57351


[INFO DRT-0195] Start 5th optimization iteration.
    Completing 10% with 13 violations.
    elapsed time = 00:00:00, memory = 3793.37 (MB).
    Completing 20% with 13 violations.
    elapsed time = 00:00:00, memory = 3793.37 (MB).
    Completing 30% with 13 violations.
    elapsed time = 00:00:00, memory = 3793.37 (MB).
    Completing 40% with 13 violations.
    elapsed time = 00:00:00, memory = 3793.37 (MB).
    Completing 50% with 13 violations.
    elapsed time = 00:00:00, memory = 3840.22 (MB).
    Completing 60% with 4 violations.
    elapsed time = 00:00:00, memory = 3840.22 (MB).
    Completing 70% with 4 violations.
    elapsed time = 00:00:00, memory = 3840.22 (MB).
    Completing 80% with 0 violations.
    elapsed time = 00:00:00, memory = 3840.51 (MB).
    Completing 90% with 0 violations.
    elapsed time = 00:00:00, memory = 3840.51 (MB).
    Completing 100% with 0 violations.
    elapsed time = 00:00:00, memory = 3840.51 (MB).
[INFO DRT-0199]   Number of violations = 0.
[INFO DRT-0267] cpu time = 00:00:01, elapsed time = 00:00:01, memory = 3840.51 (MB), peak = 6667.71 (MB)
Total wire length = 392306 um.
Total wire length on LAYER li1 = 0 um.
Total wire length on LAYER met1 = 171728 um.
Total wire length on LAYER met2 = 170617 um.
Total wire length on LAYER met3 = 32143 um.
Total wire length on LAYER met4 = 17737 um.
Total wire length on LAYER met5 = 78 um.
Total number of vias = 57342.
Up-via summary (total 57342):.

------------------------
 FR_MASTERSLICE        0
            li1    25755
           met1    29271
           met2     1867
           met3      447
           met4        2
------------------------
                   57342


[INFO DRT-0198] Complete detail routing.
Total wire length = 392306 um.
Total wire length on LAYER li1 = 0 um.
Total wire length on LAYER met1 = 171728 um.
Total wire length on LAYER met2 = 170617 um.
Total wire length on LAYER met3 = 32143 um.
Total wire length on LAYER met4 = 17737 um.
Total wire length on LAYER met5 = 78 um.
Total number of vias = 57342.
Up-via summary (total 57342):.

------------------------
 FR_MASTERSLICE        0
            li1    25755
           met1    29271
           met2     1867
           met3      447
           met4        2
------------------------
                   57342


[INFO DRT-0267] cpu time = 00:11:53, elapsed time = 00:06:10, memory = 3840.56 (MB), peak = 6667.71 (MB)

[INFO DRT-0180] Post processing.
Setting global connections for newly added cells…
Writing OpenROAD database to '/openlane/designs/RISCV_Pipeline_Core/runs/RUN_2026.07.25_03.33.59/results/routing/Pipeline_top.odb'…
Writing netlist to '/openlane/designs/RISCV_Pipeline_Core/runs/RUN_2026.07.25_03.33.59/results/routing/Pipeline_top.nl.v'…
Writing powered netlist to '/openlane/designs/RISCV_Pipeline_Core/runs/RUN_2026.07.25_03.33.59/results/routing/Pipeline_top.pnl.v'…
Writing layout to '/openlane/designs/RISCV_Pipeline_Core/runs/RUN_2026.07.25_03.33.59/results/routing/Pipeline_top.def'…
