OpenROAD 41a51eaf4ca2171c92ff38afb91eb37bbd3f36da 
This program is licensed under the BSD-3 license. See the LICENSE file for details.
Components of this program may be licensed under more restrictive licenses which must be honored.
[INFO]: Reading ODB at '/openlane/designs/RISCV_Pipeline_Core/runs/RUN_2026.07.25_03.33.59/results/floorplan/Pipeline_top.odb'…
define_corners Typical
read_liberty -corner Typical /home/adrija/.ciel/sky130A/libs.ref/sky130_fd_sc_hd/lib/sky130_fd_sc_hd__tt_025C_1v80.lib
Using 1e-12 for capacitance...
Using 1e+03 for resistance...
Using 1e-09 for time...
Using 1e+00 for voltage...
Using 1e-03 for current...
Using 1e-09 for power...
Using 1e-06 for distance...
Reading design constraints file at '/openlane/designs/RISCV_Pipeline_Core/runs/RUN_2026.07.25_03.33.59/tmp/floorplan/3-initial_fp.sdc'…
[INFO]: Setting RC values...
[INFO]: Setting signal min routing layer to: met1 and clock min routing layer to met3. 
[INFO]: Setting signal max routing layer to: met5 and clock max routing layer to met5. 
[INFO GPL-0002] DBU: 1000
[INFO GPL-0003] SiteSize: 460 2720
[INFO GPL-0004] CoreAreaLxLy: 5520 10880
[INFO GPL-0005] CoreAreaUxUy: 1994100 1988320
[INFO GPL-0006] NumInstances: 65098
[INFO GPL-0007] NumPlaceInstances: 7511
[INFO GPL-0008] NumFixedInstances: 57587
[INFO GPL-0009] NumDummyInstances: 0
[INFO GPL-0010] NumNets: 7513
[INFO GPL-0011] NumPins: 24949
[INFO GPL-0012] DieAreaLxLy: 0 0
[INFO GPL-0013] DieAreaUxUy: 2000000 2000000
[INFO GPL-0014] CoreAreaLxLy: 5520 10880
[INFO GPL-0015] CoreAreaUxUy: 1994100 1988320
[INFO GPL-0016] CoreArea: 3932297635200
[INFO GPL-0017] NonPlaceInstsArea: 75691344000
[INFO GPL-0018] PlaceInstsArea: 87226156800
[INFO GPL-0019] Util(%): 2.26
[INFO GPL-0020] StdInstsArea: 87226156800
[INFO GPL-0021] MacroInstsArea: 0
[InitialPlace]  Iter: 1 CG residual: 0.00076401 HPWL: 262438030
[InitialPlace]  Iter: 2 CG residual: 0.00001056 HPWL: 193580425
[InitialPlace]  Iter: 3 CG residual: 0.00000488 HPWL: 194402848
[InitialPlace]  Iter: 4 CG residual: 0.00000481 HPWL: 194587987
[InitialPlace]  Iter: 5 CG residual: 0.00000494 HPWL: 193823233
[INFO GPL-0031] FillerInit: NumGCells: 187607
[INFO GPL-0032] FillerInit: NumGNets: 7513
[INFO GPL-0033] FillerInit: NumGPins: 24949
[INFO GPL-0023] TargetDensity: 0.55
[INFO GPL-0024] AveragePlaceInstArea: 11613121
[INFO GPL-0025] IdealBinArea: 21114764
[INFO GPL-0026] IdealBinCnt: 186234
[INFO GPL-0027] TotalBinArea: 3932297635200
[INFO GPL-0028] BinCnt: 256 256
[INFO GPL-0029] BinSize: 7768 7725
[INFO GPL-0030] NumBins: 65536
[NesterovSolve] Iter: 1 overflow: 0.979229 HPWL: 153252395
[NesterovSolve] Iter: 10 overflow: 0.907336 HPWL: 182491107
[NesterovSolve] Iter: 20 overflow: 0.893705 HPWL: 179725196
[NesterovSolve] Iter: 30 overflow: 0.892749 HPWL: 178758945
[NesterovSolve] Iter: 40 overflow: 0.890537 HPWL: 178912942
[NesterovSolve] Iter: 50 overflow: 0.891409 HPWL: 179050446
[NesterovSolve] Iter: 60 overflow: 0.891121 HPWL: 179307068
[NesterovSolve] Iter: 70 overflow: 0.891959 HPWL: 179832152
[NesterovSolve] Iter: 80 overflow: 0.890942 HPWL: 179886857
[NesterovSolve] Iter: 90 overflow: 0.890767 HPWL: 180058373
[NesterovSolve] Iter: 100 overflow: 0.890739 HPWL: 180072971
[NesterovSolve] Iter: 110 overflow: 0.890185 HPWL: 180022590
[NesterovSolve] Iter: 120 overflow: 0.891035 HPWL: 179982612
[NesterovSolve] Iter: 130 overflow: 0.889482 HPWL: 180218019
[NesterovSolve] Iter: 140 overflow: 0.889579 HPWL: 180376335
[NesterovSolve] Iter: 150 overflow: 0.888716 HPWL: 181498422
[NesterovSolve] Iter: 160 overflow: 0.887578 HPWL: 183586041
[NesterovSolve] Iter: 170 overflow: 0.884786 HPWL: 187579318
[NesterovSolve] Iter: 180 overflow: 0.88003 HPWL: 192653231
[NesterovSolve] Iter: 190 overflow: 0.873615 HPWL: 197545551
[NesterovSolve] Iter: 200 overflow: 0.864293 HPWL: 202695300
[NesterovSolve] Iter: 210 overflow: 0.851455 HPWL: 207837948
[NesterovSolve] Iter: 220 overflow: 0.834181 HPWL: 211133111
[NesterovSolve] Iter: 230 overflow: 0.810487 HPWL: 214332032
[NesterovSolve] Iter: 240 overflow: 0.783981 HPWL: 225704158
[INFO GPL-0100] worst slack 8.02e-10
[INFO GPL-0103] Weighted 749 nets.
[NesterovSolve] Iter: 250 overflow: 0.754086 HPWL: 234740804
[NesterovSolve] Iter: 260 overflow: 0.722379 HPWL: 239009366
[NesterovSolve] Iter: 270 overflow: 0.680426 HPWL: 251442606
[NesterovSolve] Iter: 280 overflow: 0.638726 HPWL: 255632536
[INFO GPL-0100] worst slack 1.55e-09
[INFO GPL-0103] Weighted 749 nets.
[NesterovSolve] Iter: 290 overflow: 0.596947 HPWL: 267601559
[NesterovSolve] Snapshot saved at iter = 289
[NesterovSolve] Iter: 300 overflow: 0.5482 HPWL: 269614261
[NesterovSolve] Iter: 310 overflow: 0.499621 HPWL: 275852869
[INFO GPL-0100] worst slack 1.7e-09
[INFO GPL-0103] Weighted 749 nets.
[NesterovSolve] Iter: 320 overflow: 0.441504 HPWL: 279526306
[NesterovSolve] Iter: 330 overflow: 0.384768 HPWL: 279666660
[NesterovSolve] Iter: 340 overflow: 0.343801 HPWL: 280608164
[NesterovSolve] Iter: 350 overflow: 0.30862 HPWL: 280466887
[INFO GPL-0100] worst slack 1.4e-09
[INFO GPL-0103] Weighted 748 nets.
[NesterovSolve] Iter: 360 overflow: 0.276797 HPWL: 281114423
[NesterovSolve] Iter: 370 overflow: 0.250567 HPWL: 282099250
[NesterovSolve] Iter: 380 overflow: 0.222683 HPWL: 282402344
[INFO GPL-0100] worst slack 1.62e-09
[INFO GPL-0103] Weighted 749 nets.
[INFO GPL-0075] Routability numCall: 1 inflationIterCnt: 1 bloatIterCnt: 0
[INFO GPL-0036] TileLxLy: 0 0
[INFO GPL-0037] TileSize: 6900 6900
[INFO GPL-0038] TileCnt: 289 289
[INFO GPL-0039] numRoutingLayers: 6
[INFO GPL-0040] NumTiles: 83521
[INFO GPL-0063] TotalRouteOverflowH2: 0.3999999761581421
[INFO GPL-0064] TotalRouteOverflowV2: 0.9000004529953003
[INFO GPL-0065] OverflowTileCnt2: 15
[INFO GPL-0066] 0.5%RC: 0.9378874362681857
[INFO GPL-0067] 1.0%RC: 0.8455324348310022
[INFO GPL-0068] 2.0%RC: 0.7437563686562865
[INFO GPL-0069] 5.0%RC: 0.6384468451415093
[INFO GPL-0070] 0.5rcK: 1.0
[INFO GPL-0071] 1.0rcK: 1.0
[INFO GPL-0072] 2.0rcK: 0.0
[INFO GPL-0073] 5.0rcK: 0.0
[INFO GPL-0074] FinalRC: 0.8917099
[NesterovSolve] Iter: 390 overflow: 0.191979 HPWL: 283437076
[NesterovSolve] Iter: 400 overflow: 0.166987 HPWL: 284429282
[NesterovSolve] Iter: 410 overflow: 0.143459 HPWL: 285505316
[INFO GPL-0100] worst slack 1.42e-09
[INFO GPL-0103] Weighted 749 nets.
[NesterovSolve] Iter: 420 overflow: 0.127329 HPWL: 288843817
[NesterovSolve] Iter: 430 overflow: 0.106919 HPWL: 290730857
[NesterovSolve] Finished with Overflow: 0.099701
Setting global connections for newly added cells…
Writing OpenROAD database to '/openlane/designs/RISCV_Pipeline_Core/runs/RUN_2026.07.25_03.33.59/tmp/placement/7-global.odb'…
Writing netlist to '/openlane/designs/RISCV_Pipeline_Core/runs/RUN_2026.07.25_03.33.59/tmp/placement/7-global.nl.v'…
Writing powered netlist to '/openlane/designs/RISCV_Pipeline_Core/runs/RUN_2026.07.25_03.33.59/tmp/placement/7-global.pnl.v'…
Writing layout to '/openlane/designs/RISCV_Pipeline_Core/runs/RUN_2026.07.25_03.33.59/tmp/placement/7-global.def'…
