
34. Executing CHECK pass (checking for obvious problems).
Checking module ALU...
Checking module writeback_cycle...
Checking module PC_Module...
Checking module Main_Decoder...
Checking module execute_cycle...
Checking module Sign_Extend...
Checking module fetch_cycle...
Checking module hazard_unit...
Checking module Control_Unit_Top...
Checking module Data_Memory...
Checking module Mux_3_by_1...
Checking module Mux...
Checking module Instruction_Memory...
Checking module ALU_Decoder...
Checking module memory_cycle...
Checking module Pipeline_top...
Checking module decode_cycle...
Checking module Register_File...
Checking module PC_Adder...
Found and reported 0 problems.
